// Jest Snapshot v1, https://goo.gl/fbAQLP

exports[`Create Order Component should render initial layout 1`] = `
Array [
  <React.Fragment>
    <div
      className="create-order"
    >
      <div
        className="row custom-row"
      >
        <div
          className="col-md-7 ml-3"
        >
          <Connect(Menu)
            callbackFromParent={[Function]}
          />
        </div>
        <div
          className="col-md-4 ml-5"
        >
          <h2
            className="text-center mu-title"
          >
            Create New Order
          </h2>
          <div
            className="row col-md-12"
          >
            <div
              className="col-md-6"
            >
              <button
                className="btn btn-normal btn-block mr-4 mt-4 mb-4"
                onClick={[Function]}
              >
                Add New Customer
              </button>
            </div>
            <div
              className="col-md-6"
            >
              <button
                className="btn btn-normal btn-block ml-4 mt-4 mb-4"
                onClick={[Function]}
              >
                Find Existing Customer
              </button>
            </div>
          </div>
          <form
            onSubmit={[Function]}
          >
            <Alert
              closeAriaLabel="Close"
              color="success"
              fade={true}
              isOpen={false}
              tag="div"
              transition={
                Object {
                  "appear": true,
                  "baseClass": "fade",
                  "baseClassActive": "show",
                  "enter": true,
                  "exit": true,
                  "in": true,
                  "mountOnEnter": false,
                  "onEnter": [Function],
                  "onEntered": [Function],
                  "onEntering": [Function],
                  "onExit": [Function],
                  "onExited": [Function],
                  "onExiting": [Function],
                  "tag": "div",
                  "timeout": 150,
                  "unmountOnExit": true,
                }
              }
            >
              Order submitted succesfully!
            </Alert>
            <Alert
              closeAriaLabel="Close"
              color="danger"
              fade={true}
              isOpen={false}
              tag="div"
              transition={
                Object {
                  "appear": true,
                  "baseClass": "fade",
                  "baseClassActive": "show",
                  "enter": true,
                  "exit": true,
                  "in": true,
                  "mountOnEnter": false,
                  "onEnter": [Function],
                  "onEntered": [Function],
                  "onEntering": [Function],
                  "onExit": [Function],
                  "onExited": [Function],
                  "onExiting": [Function],
                  "tag": "div",
                  "timeout": 150,
                  "unmountOnExit": true,
                }
              }
            >
              An error occurred while submitting order!
            </Alert>
            <div
              className="form-group"
            >
              <input
                className="form-control form-control-lg"
                name="customerName"
                readOnly={true}
                required={true}
                type="text"
                value=""
              />
              <small
                className="form-text text-muted"
              >
                Customer Name *
              </small>
            </div>
            <div
              className="form-group"
            >
              <input
                className="form-control form-control-lg"
                name="orderDate"
                readOnly={true}
                required={true}
                type="text"
                value="2019-03-14"
              />
              <small
                className="form-text text-muted"
              >
                Order Date *
              </small>
            </div>
            <div
              className="form-group custom-table-1"
            >
              <table
                className="table"
              >
                <thead
                  className="thead-light"
                >
                  <tr>
                    <th
                      scope="col"
                    >
                      #
                    </th>
                    <th
                      scope="col"
                    >
                      Item
                    </th>
                    <th
                      scope="col"
                    >
                      Quantity
                    </th>
                    <th
                      scope="col"
                    >
                      Price
                    </th>
                    <th
                      scope="col"
                    >
                      Action
                    </th>
                  </tr>
                </thead>
                <tbody>
                  <tr>
                    <th
                      scope="row"
                    />
                    <td />
                    <td
                      className="text-center"
                    >
                      <b />
                    </td>
                    <td
                      className="text-right pr-5"
                    >
                      <b />
                    </td>
                    <td />
                  </tr>
                </tbody>
              </table>
            </div>
            <div
              className="row col-md-12"
            >
              <div
                className="col-md-6"
              >
                <Link
                  className="btn btn-secondary btn-block mr-4"
                  replace={false}
                  to="/dashboard"
                >
                  Cancel
                </Link>
              </div>
              <div
                className="col-md-6"
              >
                <button
                  className="btn btn-normal btn-block ml-4"
                  type="submit"
                >
                  Submit Order
                </button>
              </div>
            </div>
          </form>
        </div>
      </div>
    </div>
    <Connect(AddCustomerModal)
      toggle={
        Object {
          "backdrop": true,
          "modal": false,
          "toggle": [Function],
        }
      }
    />
    <Connect(FindCustomerModal)
      toggle={
        Object {
          "backdrop": true,
          "modal": false,
          "toggle": [Function],
        }
      }
    />
  </React.Fragment>,
]
`;
